// Jest Snapshot v1, https://goo.gl/fbAQLP

exports[`<HPage/> snapshot 1`] = `
<h2>
  Home
</h2>
`;
